[tazkarty.itgeeks.info/index-default.html]
[tazkarty.itgeeks.info/images/general-elements/favicon/favicon.png]
[tazkarty.itgeeks.info/images/general-elements/favicon/apple-touch-icon.png]
[tazkarty.itgeeks.info/images/general-elements/favicon/apple-touch-icon-72x72.png]
[tazkarty.itgeeks.info/images/general-elements/favicon/apple-touch-icon-114x114.png]
[backblue.gif]
[fade.gif]
[index.html]
[tazkarty.itgeeks.info/images/files/logo-header.png]
[tazkarty.itgeeks.info/index.html]
[tazkarty.itgeeks.info/search.html]
[tazkarty.itgeeks.info/login.html]
[tazkarty.itgeeks.info/register.html]
[tazkarty.itgeeks.info/blog-single.html]
[tazkarty.itgeeks.info/destination-single.html]
[tazkarty.itgeeks.info/booking-hotel-single.html]
[tazkarty.itgeeks.info/booking-hotel-payment.html]
[tazkarty.itgeeks.info/booking-hotel-confirmation.html]
[tazkarty.itgeeks.info/profile-hotel-availability.html]
[tazkarty.itgeeks.info/images/files/parallax-bg/img-4.jpg]
[tazkarty.itgeeks.info/images/files/bg-video-preview/img-1.jpg]
[tazkarty.itgeeks.info/images/files/box-area-destination/img-2.jpg]
[tazkarty.itgeeks.info/images/files/box-area-destination/img-3.jpg]
[tazkarty.itgeeks.info/images/files/box-area-destination/img-5.jpg]
[tazkarty.itgeeks.info/images/files/box-area-destination/img-6.jpg]
[tazkarty.itgeeks.info/images/files/box-area-destination/img-4.jpg]
[tazkarty.itgeeks.info/images/files/parallax-bg/img-8.jpg]
[tazkarty.itgeeks.info/images/files/box-tour-package/img-2.jpg]
[tazkarty.itgeeks.info/images/files/box-tour-package/img-3.jpg]
[tazkarty.itgeeks.info/images/files/box-tour-package/img-5.jpg]
[tazkarty.itgeeks.info/images/files/box-tour-package/img-6.jpg]
[tazkarty.itgeeks.info/images/files/box-tour-package/img-7.jpg]
[tazkarty.itgeeks.info/images/files/box-featured-cars/img-1.jpg]
[tazkarty.itgeeks.info/images/files/box-featured-cars/img-2.jpg]
[tazkarty.itgeeks.info/images/files/box-featured-cars/img-3.jpg]
[tazkarty.itgeeks.info/images/files/box-featured-cars/img-4.jpg]
[tazkarty.itgeeks.info/images/files/sliders/clients-testimonials/img-1.jpg]
[tazkarty.itgeeks.info/images/files/sliders/clients-testimonials/img-2.jpg]
[tazkarty.itgeeks.info/images/files/sliders/clients-testimonials/img-3.jpg]
[tazkarty.itgeeks.info/images/files/box-news-event/img-1.jpg]
[tazkarty.itgeeks.info/images/files/box-news-event/img-9.jpg]
[tazkarty.itgeeks.info/images/files/box-news-event/img-3.jpg]
[tazkarty.itgeeks.info/images/files/box-news-event/img-8.jpg]
[tazkarty.itgeeks.info/images/files/instagram-feed/img-1.jpg]
[tazkarty.itgeeks.info/images/files/instagram-feed/img-2.jpg]
[tazkarty.itgeeks.info/images/files/instagram-feed/img-3.jpg]
[tazkarty.itgeeks.info/images/files/instagram-feed/img-4.jpg]
[tazkarty.itgeeks.info/images/files/instagram-feed/img-5.jpg]
[tazkarty.itgeeks.info/images/files/instagram-feed/img-6.jpg]
[tazkarty.itgeeks.info/images/files/instagram-feed/img-7.jpg]
[tazkarty.itgeeks.info/images/files/instagram-feed/img-8.jpg]
[tazkarty.itgeeks.info/images/files/instagram-feed/img-9.jpg]
[tazkarty.itgeeks.info/images/files/instagram-feed/img-10.jpg]
[tazkarty.itgeeks.info/images/files/logo-header-alt.png]
[tazkarty.itgeeks.info/js/jquery.js]
[tazkarty.itgeeks.info/js/jRespond.min.js]
[tazkarty.itgeeks.info/js/jquery.fitvids.js]
[tazkarty.itgeeks.info/js/superfish.js]
[tazkarty.itgeeks.info/scss/slick/slick.min.js]
[tazkarty.itgeeks.info/js/jquery.magnific-popup.min.js]
[tazkarty.itgeeks.info/js/scrollIt.min.js]
[tazkarty.itgeeks.info/js/isotope.pkgd.min.js]
[tazkarty.itgeeks.info/js/jquery-ui.min.js]
[tazkarty.itgeeks.info/js/select2.min.js]
[tazkarty.itgeeks.info/js/countrySelect.min.js]
[tazkarty.itgeeks.info/js/functions.js]
[tazkarty.itgeeks.info/index-default.html]
[use.fontawesome.com/releases/v5.3.1/css/v4-shims.css]
[code.jquery.com/ui/1.12.1/themes/base/jquery-ui.css]
[tazkarty.itgeeks.info/css/css-assets.css]
[tazkarty.itgeeks.info/fonts/GothamRounded/GothamRounded-Light.otf]
[tazkarty.itgeeks.info/fonts/GothamRounded/GothamRounded-Book.otf]
[tazkarty.itgeeks.info/fonts/GothamRounded/GothamRounded-Medium.otf]
[tazkarty.itgeeks.info/fonts/GothamRounded/GothamRounded-Bold.otf]
[tazkarty.itgeeks.info/css/style.css]
[tazkarty.itgeeks.info/images/files/parallax-bg/img-6.jpg]
[tazkarty.itgeeks.info/preview/images/thumbnails/default/img-1.jpg]
[tazkarty.itgeeks.info/preview/images/thumbnails/default/img-2.jpg]
[tazkarty.itgeeks.info/preview/images/thumbnails/default/img-3.jpg]
[tazkarty.itgeeks.info/preview/images/thumbnails/default/img-4.jpg]
[tazkarty.itgeeks.info/preview/images/thumbnails/default/img-5.jpg]
[tazkarty.itgeeks.info/preview/images/thumbnails/default/img-6.jpg]
[tazkarty.itgeeks.info/preview/images/thumbnails/default/img-7.jpg]
[tazkarty.itgeeks.info/preview/images/thumbnails/default/img-8.jpg]
[tazkarty.itgeeks.info/preview/images/thumbnails/default/img-11.jpg]
[tazkarty.itgeeks.info/car-single.html]
[tazkarty.itgeeks.info/preview/images/thumbnails/default/img-12.jpg]
[tazkarty.itgeeks.info/car-booking-confirmation.html]
[tazkarty.itgeeks.info/preview/images/thumbnails/default/img-9.jpg]
[tazkarty.itgeeks.info/preview/images/thumbnails/default/img-10.jpg]
[tazkarty.itgeeks.info/preview/images/thumbnails/rtl/img-1.jpg]
[tazkarty.itgeeks.info/preview/images/thumbnails/rtl/img-2.jpg]
[tazkarty.itgeeks.info/rtl/index.html]
[tazkarty.itgeeks.info/rtl/search.html]
[tazkarty.itgeeks.info/preview/images/thumbnails/rtl/img-3.jpg]
[tazkarty.itgeeks.info/rtl/destination-single.html]
[tazkarty.itgeeks.info/preview/images/thumbnails/rtl/img-4.jpg]
[tazkarty.itgeeks.info/rtl/booking-hotel-single.html]
[tazkarty.itgeeks.info/preview/images/thumbnails/rtl/img-5.jpg]
[tazkarty.itgeeks.info/rtl/booking-hotel-payment.html]
[tazkarty.itgeeks.info/preview/images/thumbnails/rtl/img-6.jpg]
[tazkarty.itgeeks.info/rtl/booking-hotel-confirmation.html]
[tazkarty.itgeeks.info/preview/images/thumbnails/rtl/img-7.jpg]
[tazkarty.itgeeks.info/rtl/profile-hotel-availability.html]
[tazkarty.itgeeks.info/preview/images/thumbnails/rtl/img-11.jpg]
[tazkarty.itgeeks.info/rtl/car-single.html]
[tazkarty.itgeeks.info/preview/images/thumbnails/rtl/img-12.jpg]
[tazkarty.itgeeks.info/rtl/car-booking-confirmation.html]
[tazkarty.itgeeks.info/preview/images/thumbnails/rtl/img-8.jpg]
[tazkarty.itgeeks.info/rtl/blog-single.html]
[tazkarty.itgeeks.info/preview/images/thumbnails/rtl/img-9.jpg]
[tazkarty.itgeeks.info/preview/images/thumbnails/rtl/img-10.jpg]
[tazkarty.itgeeks.info/rtl/login.html]
[tazkarty.itgeeks.info/rtl/register.html]
[tazkarty.itgeeks.info/preview/preview.js]
[tazkarty.itgeeks.info/index.html]
[tazkarty.itgeeks.info/images/files/box-banner/img-1.jpg]
[tazkarty.itgeeks.info/images/files/logo-companies/img-1.png]
[tazkarty.itgeeks.info/search.html]
[tazkarty.itgeeks.info/login.html]
[tazkarty.itgeeks.info/register.html]
[tazkarty.itgeeks.info/images/files/blog-posts/img-5.jpg]
[tazkarty.itgeeks.info/images/files/box-banner/img-2.jpg]
[tazkarty.itgeeks.info/images/files/box-banner/img-3.jpg]
[tazkarty.itgeeks.info/images/files/box-news-event/img-2.jpg]
[tazkarty.itgeeks.info/images/files/box-news-event/img-4.jpg]
[tazkarty.itgeeks.info/images/files/box-news-event/img-5.jpg]
[tazkarty.itgeeks.info/blog-single.html]
[tazkarty.itgeeks.info/destination-single.html]
[tazkarty.itgeeks.info/booking-hotel-single.html]
[tazkarty.itgeeks.info/booking-hotel-payment.html]
[tazkarty.itgeeks.info/booking-hotel-confirmation.html]
[tazkarty.itgeeks.info/images/files/blog-posts/img-1.jpg]
[tazkarty.itgeeks.info/images/files/blog-posts/img-3.jpg]
[tazkarty.itgeeks.info/images/files/blog-posts/img-4.jpg]
[tazkarty.itgeeks.info/images/files/blog-posts/img-6.jpg]
[tazkarty.itgeeks.info/images/files/blog-posts/img-7.jpg]
[tazkarty.itgeeks.info/images/files/blog-posts/img-8.jpg]
[tazkarty.itgeeks.info/images/files/box-tour-package/img-1.jpg]
[tazkarty.itgeeks.info/images/files/box-tour-package/img-4.jpg]
[tazkarty.itgeeks.info/images/files/box-tour-package/img-9.jpg]
[tazkarty.itgeeks.info/js/contact-map.js]
[tazkarty.itgeeks.info/profile-hotel-availability.html]
[tazkarty.itgeeks.info/fonts/fontawesome/webfonts/fa-brands-400.eot]
[tazkarty.itgeeks.info/fonts/fontawesome/webfonts/fa-brands-400.woff2]
[tazkarty.itgeeks.info/fonts/fontawesome/webfonts/fa-brands-400.woff]
[tazkarty.itgeeks.info/fonts/fontawesome/webfonts/fa-brands-400d41d.eot]
[tazkarty.itgeeks.info/fonts/fontawesome/webfonts/fa-brands-400.ttf]
[tazkarty.itgeeks.info/fonts/fontawesome/webfonts/fa-regular-400.eot]
[tazkarty.itgeeks.info/fonts/fontawesome/webfonts/fa-regular-400.woff2]
[tazkarty.itgeeks.info/fonts/fontawesome/webfonts/fa-regular-400d41d.eot]
[tazkarty.itgeeks.info/fonts/fontawesome/webfonts/fa-regular-400.woff]
[tazkarty.itgeeks.info/fonts/fontawesome/webfonts/fa-regular-400.ttf]
[tazkarty.itgeeks.info/fonts/fontawesome/webfonts/fa-solid-900.eot]
[tazkarty.itgeeks.info/fonts/fontawesome/webfonts/fa-solid-900.woff2]
[tazkarty.itgeeks.info/fonts/fontawesome/webfonts/fa-solid-900d41d.eot]
[tazkarty.itgeeks.info/fonts/fontawesome/webfonts/fa-solid-900.woff]
[tazkarty.itgeeks.info/fonts/fontawesome/webfonts/fa-solid-900.ttf]
[tazkarty.itgeeks.info/fonts/fontawesome/css/all.css]
[use.fontawesome.com/releases/v5.3.1/css/v4-shims.css]
[tazkarty.itgeeks.info/images/files/country-select/flags.png]
[tazkarty.itgeeks.info/images/files/country-select/flags@2x.png]
[tazkarty.itgeeks.info/css/countrySelect.min.css]
[code.jquery.com/ui/1.12.1/themes/base/images/ui-icons_444444_256x240.png]
[code.jquery.com/ui/1.12.1/themes/base/images/ui-icons_555555_256x240.png]
[code.jquery.com/ui/1.12.1/themes/base/images/ui-icons_ffffff_256x240.png]
[code.jquery.com/ui/1.12.1/themes/base/images/ui-icons_777620_256x240.png]
[code.jquery.com/ui/1.12.1/themes/base/images/ui-icons_cc0000_256x240.png]
[code.jquery.com/ui/1.12.1/themes/base/images/ui-icons_777777_256x240.png]
[code.jquery.com/ui/1.12.1/themes/base/jquery-ui.css]
[tazkarty.itgeeks.info/css/preview.css]
[tazkarty.itgeeks.info/images/files/car-preview/img-1.jpg]
[tazkarty.itgeeks.info/car-single.html]
[tazkarty.itgeeks.info/images/files/car-booking-extras/img-1.jpg]
[tazkarty.itgeeks.info/images/files/car-booking-extras/img-2.jpg]
[tazkarty.itgeeks.info/images/files/car-booking-extras/img-3.jpg]
[tazkarty.itgeeks.info/images/files/car-booking-extras/img-4.jpg]
[tazkarty.itgeeks.info/images/files/car-preview/small/img-1.jpg]
[tazkarty.itgeeks.info/car-booking-confirmation.html]
[tazkarty.itgeeks.info/rtl/index.html]
[tazkarty.itgeeks.info/rtl/search.html]
[tazkarty.itgeeks.info/rtl/destination-single.html]
[tazkarty.itgeeks.info/rtl/booking-hotel-single.html]
[tazkarty.itgeeks.info/rtl/booking-hotel-payment.html]
[tazkarty.itgeeks.info/rtl/booking-hotel-confirmation.html]
[tazkarty.itgeeks.info/rtl/profile-hotel-availability.html]
[tazkarty.itgeeks.info/rtl/car-single.html]
[tazkarty.itgeeks.info/rtl/car-booking-confirmation.html]
[tazkarty.itgeeks.info/rtl/blog-single.html]
[tazkarty.itgeeks.info/rtl/login.html]
[tazkarty.itgeeks.info/rtl/register.html]
[tazkarty.itgeeks.info/fonts/fontawesome/webfonts/fa-brands-400.svg]
[tazkarty.itgeeks.info/fonts/fontawesome/webfonts/fa-regular-400.svg]
[tazkarty.itgeeks.info/images/files/blog-posts/img-2.jpg]
[tazkarty.itgeeks.info/fonts/fontawesome/webfonts/fa-solid-900.svg]
[tazkarty.itgeeks.info/css/bootstrap-rtl.css]
[tazkarty.itgeeks.info/css/style-rtl.css]
[tazkarty.itgeeks.info/images/general-elements/overlay-pattern.html]
[tazkarty.itgeeks.info/js/owl.carousel.min.html]
[tazkarty.itgeeks.info/rtl/index-default.html]
